// Jest Snapshot v1, https://goo.gl/fbAQLP

exports[`Input Component - with wrapper 1`] = `
<div>
  <input
    onChange={[Function]}
    type="text"
    value="value"
  />
</div>
`;

exports[`Input Component â€“ without wrapper, with placeholder 1`] = `
<input
  onChange={[Function]}
  placeholder="Placeholder Text"
  value="1234wdwd"
/>
`;
